
> an-ebook-of-every-google-tool-with-a-how-3q5aa@0.1.0 build
> next build

▲ Next.js 16.3.3 (Turbopack)
⚠ `eslint` configuration in next.config.ts is no longer supported. See more info here: https://nextjs.org/docs/app/api-reference/cli/next#next-lint-options
⚠ Invalid next.config.ts options detected: 
⚠     Unrecognized key(s) in object: 'eslint'
⚠ See more info here: https://nextjs.org/docs/messages/invalid-next-config
✓ Running next.config.ts took 22ms

  Creating an optimized production build ...
✓ Compiled successfully in 97ms
  Skipping validation of types
  Finished TypeScript config validation in 4ms ...
  Collecting page data using 3 workers ...
  Generating static pages using 3 workers (0/4) ...
  Generating static pages using 3 workers (1/4) 
  Generating static pages using 3 workers (2/4) 
  Generating static pages using 3 workers (3/4) 
✓ Generating static pages using 3 workers (4/4) in 149ms
  Finalizing page optimization ...

Route (app)
┌ ○ /
└ ○ /_not-found


○  (Static)  prerendered as static content

